---
source: tui/src/chatwidget/tests/popups_and_settings.rs
expression: popup
---
  Select Model and Effort


  1. GPT-6-Astra (default)            Our most capable model for complex,
                                      demanding work.
  2. GPT-5.6-Sol                      Reliable agentic workhorse for everyday
                                      tasks.
  3. GPT-5.6-Terra                    Balanced agentic coding model for everyday
                                      work.
  4. GPT-5.6-Luna                     Fast and affordable agentic coding model.
› 5. GPT-5.5 (current)                Proven previous-generation model for
                                      coding and general work.
  6. DeepSeek V4.1 Flash (CodeBuddy)  DeepSeek V4.1 Flash routed through the
                                      CodeBuddy Chat API with the bundled Codex
                                      instruction template.

  enter select · esc back
